// Jest Snapshot v1, https://goo.gl/fbAQLP

exports[`SearchBar should render 1`] = `
<div>
  <div
    class="block fixed bg-grayish w-full h-full top-0 left-0 bg-gray-200"
  >
    <div
      class="mx-auto px-4 py-8 max-w-xl my-20"
    >
      <div
        class="bg-white shadow-2xl rounded-xl mb-6 tracking-wide"
      >
        <div
          class="md:flex-shrink-0"
        >
          <img
            class="w-full h-full rounded-lg rounded-b-none"
          />
          <span
            class="absolute top-0 right-0 p-4 text-red-500"
          >
            <svg
              class="h-6 w-6 fill-current text-grey hover:text-grey-darkest"
              role="button"
              viewBox="0 0 20 20"
              xmlns="http://www.w3.org/2000/svg"
            >
              <path
                d="M14.348 14.849a1.2 1.2 0 0 1-1.697 0L10 11.819l-2.651 3.029a1.2 1.2 0 1 1-1.697-1.697l2.758-3.15-2.759-3.152a1.2 1.2 0 1 1 1.697-1.697L10 8.183l2.651-3.031a1.2 1.2 0 1 1 1.697 1.697l-2.758 3.152 2.758 3.15a1.2 1.2 0 0 1 0 1.698z"
              />
            </svg>
          </span>
        </div>
        <div
          class="px-4 py-2"
        >
          <div
            class="author flex items-center -ml-3 my-3 mt-4"
          >
            <h2
              class="text-sm tracking-tighter text-gray-900"
            >
              <a
                href="#"
              >
                No user name
              </a>
               
              <span
                class="text-gray-600 pl-5"
              >
                No import data
              </span>
            </h2>
          </div>
        </div>
      </div>
    </div>
  </div>
</div>
`;
